[2026-04-25 22:41:56] === Econy weekly update started ===
[2026-04-25 22:41:56] economist: 4 existing issues
[2026-04-25 22:41:56] economist: new issue found — 2026-04-25
[2026-04-25 22:41:56] Processing The Economist 2026-04-25
[2026-04-25 22:41:56]   Downloading TheEconomist.2026.04.25.epub...
[2026-04-25 22:41:56]   Downloaded: 6659KB
[2026-04-25 22:46:51]   Translating titles...
[2026-04-25 22:48:25]    Translated 55/75 titles
[2026-04-25 22:48:25] new_yorker: 7 existing issues
[2026-04-25 22:48:25] new_yorker: new issue found — 2026-03-09
[2026-04-25 22:48:25] Processing The New Yorker 2026-03-09
[2026-04-25 22:48:25]   Downloading new_yorker.2026.03.09.pdf...
[2026-04-25 22:48:26]   Downloaded: 5888KB
[2026-04-25 22:51:22]   Translating titles...
[2026-04-25 22:52:17]    Translated 1/21 titles
[2026-04-25 22:52:17] Updating docs/ and pushing to GitHub...
[2026-04-25 22:52:17]   app.js updated: 5 Economist, 8 New Yorker issues
[2026-04-25 22:52:19]   Pushed to GitHub.
[2026-04-25 22:52:19] === Done ===

[2026-05-02 08:35:50] === Econy weekly update started ===
[2026-05-02 08:35:50] economist: 5 existing issues
[2026-05-02 08:35:59] === Econy weekly update started ===
[2026-05-02 08:35:59] economist: 5 existing issues
[2026-05-02 08:35:59] economist: new issue found — 2026-05-02
[2026-05-02 08:35:59] Processing The Economist 2026-05-02
[2026-05-02 08:35:59]   Downloading TheEconomist.2026.05.02.pdf...
[2026-05-02 08:36:00]   Downloaded: 8551KB
[2026-05-02 08:41:19]   Translating titles...
[2026-05-02 08:43:18]    Translated 55/75 titles
[2026-05-02 08:43:18] new_yorker: 7 existing issues
[2026-05-02 08:43:18] new_yorker: new issue found — 2026-05-04
[2026-05-02 08:43:18] Processing The New Yorker 2026-05-04
[2026-05-02 08:43:18]   Downloading new_yorker.2026.05.04.pdf...
[2026-05-02 08:43:19]   Downloaded: 6142KB
[2026-05-02 08:46:33]   Translating titles...
[2026-05-02 08:47:14]    Translated 29/29 titles
[2026-05-02 08:47:14] Updating docs/ and pushing to GitHub...
[2026-05-02 08:47:14]   app.js updated: 6 Economist, 8 New Yorker issues
[2026-05-02 08:47:16]   Pushed to GitHub.
[2026-05-02 08:47:16] === Done ===

[2026-05-11 09:33:42] === Econy weekly update started ===
[2026-05-11 09:33:42] economist: 6 existing issues
[2026-05-11 09:33:42] economist: new issue found — 2026-05-09
[2026-05-11 09:33:42] Processing The Economist 2026-05-09
[2026-05-11 09:33:43]   Downloading TheEconomist.2026.05.09.pdf...
[2026-05-11 09:33:43]   Downloaded: 8136KB
[2026-05-11 10:06:11] === Econy weekly update started ===
[2026-05-11 10:06:11] economist: 7 existing issues
[2026-05-11 10:06:11] economist: new issue found — 2026-03-21
[2026-05-11 10:06:11] Processing The Economist 2026-03-21
[2026-05-11 10:06:11]   Downloading TheEconomist.2026.03.21.epub...
[2026-05-11 10:06:12]   Downloaded: 6360KB
[2026-05-11 10:13:53]   Translating titles...
[2026-05-11 10:16:02]    Translated 74/74 titles
[2026-05-11 10:16:02] new_yorker: 8 existing issues
[2026-05-11 10:16:02] new_yorker: new issue found — 2026-05-11
[2026-05-11 10:16:02] Processing The New Yorker 2026-05-11
[2026-05-11 10:16:03]   Downloading new_yorker.2026.05.11.pdf...
[2026-05-11 10:16:04]   Downloaded: 8920KB
[2026-05-11 10:19:30]   Translating titles...
[2026-05-11 10:20:32]    Translated 26/26 titles
[2026-05-11 10:20:32] Updating docs/ and pushing to GitHub...
[2026-05-11 10:20:32]   app.js updated: 8 Economist, 9 New Yorker issues
[2026-05-11 10:20:34]   Pushed to GitHub.
[2026-05-11 10:20:34] === Done ===

[2026-05-16 19:07:26] === Econy weekly update started ===
[2026-05-16 19:07:26] economist: 8 existing issues
[2026-05-16 19:07:56] === Econy weekly update started ===
[2026-05-16 19:07:56] economist: 8 existing issues
[2026-05-16 19:07:56] economist: new issue found — 2026-05-16
[2026-05-16 19:07:56] Processing The Economist 2026-05-16
[2026-05-16 19:07:56]   Downloading TheEconomist.2026.05.16.pdf...
[2026-05-16 19:07:57]   Downloaded: 8952KB
[2026-05-16 19:11:19]   Translating titles...
[2026-05-16 19:13:50]    Translated 60/75 titles
[2026-05-16 19:13:50] new_yorker: 9 existing issues
[2026-05-16 19:13:50] new_yorker: new issue found — 2026-05-18
[2026-05-16 19:13:50] Processing The New Yorker 2026-05-18
[2026-05-16 19:13:51]   Downloading new_yorker.2026.05.18.pdf...
[2026-05-16 19:13:52]   Downloaded: 13670KB
[2026-05-16 19:18:15]   Translating titles...
[2026-05-16 19:19:22]    Translated 7/27 titles
[2026-05-16 19:19:22] Updating docs/ and pushing to GitHub...
[2026-05-16 19:19:22]   app.js updated: 9 Economist, 10 New Yorker issues
[2026-05-16 19:19:24]   Pushed to GitHub.
[2026-05-16 19:19:24] === Done ===

[2026-05-16 19:56:47]   app.js updated: 9 Economist, 10 New Yorker issues
[2026-05-31 10:13:59] === Econy weekly update started ===
[2026-05-31 10:13:59] economist: 9 existing issues
[2026-05-31 10:13:59] economist: new issue found — 2026-05-30
[2026-05-31 10:13:59] Processing The Economist 2026-05-30
[2026-05-31 10:14:00]   Downloading TheEconomist.2026.05.30.epub...
[2026-05-31 10:14:00]   Downloaded: 5539KB
[2026-05-31 10:14:13]   Translating titles...
[2026-05-31 10:14:13]    Translated 0/0 titles
[2026-05-31 10:14:13] new_yorker: 10 existing issues
[2026-05-31 10:14:13] new_yorker: new issue found — 2026-06-01
[2026-05-31 10:14:13] Processing The New Yorker 2026-06-01
[2026-05-31 10:14:13]   Downloading new_yorker.2026.06.01.pdf...
[2026-05-31 10:14:14]   Downloaded: 6069KB
[2026-05-31 10:17:20]   Translating titles...
[2026-05-31 10:17:38]    Translated 20/20 titles
[2026-05-31 10:17:38] Updating docs/ and pushing to GitHub...
[2026-05-31 10:17:38]   app.js updated: 10 Economist, 11 New Yorker issues
[2026-05-31 10:17:40]   Pushed to GitHub.
[2026-05-31 10:17:40] === Done ===

[2026-05-31 10:23:46] === Econy weekly update started ===
[2026-05-31 10:23:46] economist: 10 existing issues
[2026-05-31 10:23:46] economist: new issue found — 2026-05-23
[2026-05-31 10:23:46] Processing The Economist 2026-05-23
[2026-05-31 10:23:47]   Downloading TheEconomist.2026.05.23.pdf...
[2026-05-31 10:23:49]   Downloaded: 8424KB
[2026-05-31 10:30:39]   Translating titles...
[2026-05-31 10:31:59]    Translated 76/76 titles
[2026-05-31 10:31:59] new_yorker: 11 existing issues
[2026-05-31 10:31:59] new_yorker: new issue found — 2026-05-25
[2026-05-31 10:31:59] Processing The New Yorker 2026-05-25
[2026-05-31 10:31:59]   Downloading new_yorker.2026.05.25.pdf...
[2026-05-31 10:32:00]   Downloaded: 6149KB
[2026-05-31 10:34:46]   Translating titles...
[2026-05-31 10:35:24]    Translated 21/21 titles
[2026-05-31 10:35:24] Updating docs/ and pushing to GitHub...
[2026-05-31 10:35:24]   app.js updated: 11 Economist, 12 New Yorker issues
[2026-05-31 10:35:26]   Pushed to GitHub.
[2026-05-31 10:35:26] === Done ===

[2026-05-31 10:37:59] === Econy weekly update started ===
[2026-05-31 10:37:59] economist: 11 existing issues
[2026-05-31 10:38:00] economist: new issue found — 2026-03-14
[2026-05-31 10:38:00] Processing The Economist 2026-03-14
[2026-05-31 10:38:00]   Downloading TheEconomist.2026.03.14.pdf...
[2026-05-31 10:38:01]   Downloaded: 9102KB
[2026-05-31 10:42:44]   Translating titles...
[2026-05-31 10:44:06]    Translated 76/76 titles
[2026-05-31 10:44:06] new_yorker: 12 existing issues
[2026-05-31 10:44:06] new_yorker: new issue found — 2026-04-27
[2026-05-31 10:44:06] Processing The New Yorker 2026-04-27
[2026-05-31 10:47:07]   Translating titles...
[2026-05-31 10:47:41]    Translated 22/22 titles
[2026-05-31 10:47:41] Updating docs/ and pushing to GitHub...
[2026-05-31 10:47:41]   app.js updated: 12 Economist, 13 New Yorker issues
[2026-05-31 10:47:43]   Pushed to GitHub.
[2026-05-31 10:47:43] === Done ===

[2026-05-31 10:52:46] === Econy weekly update started ===
[2026-05-31 10:52:46] economist: 11 existing issues
[2026-05-31 10:52:46] economist: new issue found — 2026-05-30
[2026-05-31 10:52:46] Processing The Economist 2026-05-30
[2026-05-31 10:53:00]   Translating titles...
[2026-05-31 10:53:00]    Translated 0/0 titles
[2026-05-31 10:53:00] new_yorker: 13 existing issues
[2026-05-31 10:53:00] new_yorker: new issue found — 2026-03-02
[2026-05-31 10:53:00] Processing The New Yorker 2026-03-02
[2026-05-31 10:53:00]   Downloading new_yorker.2026.03.02.pdf...
[2026-05-31 10:53:01]   Downloaded: 7496KB
[2026-05-31 10:56:31]   Translating titles...
[2026-05-31 10:57:08]    Translated 23/23 titles
[2026-05-31 10:57:08] Updating docs/ and pushing to GitHub...
[2026-05-31 10:57:08]   app.js updated: 12 Economist, 14 New Yorker issues
[2026-05-31 10:57:09]   Pushed to GitHub.
[2026-05-31 10:57:09] === Done ===

[2026-05-31 11:11:04] === Econy weekly update started ===
[2026-05-31 11:11:04] economist: 12 existing issues
[2026-05-31 11:11:04] economist: new issue found — 2026-03-07
[2026-05-31 11:11:04] Processing The Economist 2026-03-07
[2026-05-31 11:11:05]   Downloading TheEconomist.2026.03.07.pdf...
[2026-05-31 11:11:05]   Downloaded: 8176KB
[2026-05-31 11:16:09]   Translating titles...
[2026-05-31 11:17:38]    Translated 71/71 titles
[2026-05-31 11:17:38] new_yorker: 14 existing issues
[2026-05-31 11:17:38] new_yorker: new issue found — 2026-02-23
[2026-05-31 11:17:38] Processing The New Yorker 2026-02-23
[2026-05-31 11:17:38]   Downloading new_yorker.2026.02.23.pdf...
[2026-05-31 11:17:39]   Downloaded: 12356KB
[2026-05-31 11:20:11]   Translating titles...
[2026-05-31 11:20:42]    Translated 27/27 titles
[2026-05-31 11:20:42] Updating docs/ and pushing to GitHub...
[2026-05-31 11:20:42]   app.js updated: 13 Economist, 15 New Yorker issues
[2026-05-31 11:20:43]   Pushed to GitHub.
[2026-05-31 11:20:43] === Done ===

[2026-05-31 11:25:49]   app.js updated: 13 Economist, 15 New Yorker issues
[2026-05-31 11:25:50]   Pushed to GitHub.
[2026-06-05 12:54:45] === Econy weekly update started ===
[2026-06-05 12:54:45] economist: 13 existing issues
[2026-06-05 12:54:45] economist: new issue found — 2026-06-06
[2026-06-05 12:54:45] Processing The Economist 2026-06-06
[2026-06-05 12:54:45]   Downloading TheEconomist.2026.06.06.pdf...
[2026-06-05 12:54:46]   Downloaded: 8398KB
[2026-06-05 13:02:30]   Translating titles...
[2026-06-05 13:05:11]    Translated 61/81 titles
[2026-06-05 13:05:11] new_yorker: 15 existing issues
[2026-06-05 13:05:11] new_yorker: new issue found — 2026-02-16
[2026-06-05 13:05:11] Processing The New Yorker 2026-02-16
[2026-06-05 13:05:12]   Downloading new_yorker.2026.02.16.pdf...
[2026-06-05 13:05:13]   Downloaded: 7325KB
[2026-06-05 13:08:53]   Translating titles...
[2026-06-05 13:09:49]    Translated 27/27 titles
[2026-06-05 13:09:49] Updating docs/ and pushing to GitHub...
[2026-06-05 13:09:49]   app.js updated: 14 Economist, 16 New Yorker issues
[2026-06-05 13:09:51]   Pushed to GitHub.
[2026-06-05 13:09:51] === Done ===

[2026-06-15 10:00:11] === Econy weekly update started ===
[2026-06-15 10:00:11] economist: 14 existing issues
[2026-06-15 10:00:12] economist: new issue found — 2026-06-13
[2026-06-15 10:00:12] Processing The Economist 2026-06-13
[2026-06-15 10:00:12]   Downloading TheEconomist.2026.06.13.pdf...
[2026-06-15 10:00:13]   Downloaded: 9260KB
[2026-06-15 10:06:43]   Translating titles...
[2026-06-15 10:07:38]    Translated 40/80 titles
[2026-06-15 10:07:38] Updating docs/ and pushing to GitHub...
[2026-06-15 10:07:38]   app.js updated: 15 Economist, 16 New Yorker issues
[2026-06-15 10:07:39]   Pushed to GitHub.
[2026-06-15 10:07:39] === Done ===

[2026-06-15 10:20:19] === Econy weekly update started ===
[2026-06-15 10:20:19] economist: 15 existing issues
[2026-06-15 10:20:20] economist: new issue found — 2026-02-28
[2026-06-15 10:20:20] Processing The Economist 2026-02-28
[2026-06-15 10:20:20]   Downloading TheEconomist.2026.02.28.pdf...
[2026-06-15 10:20:21]   Downloaded: 12172KB
[2026-06-15 10:28:13]   Translating titles...
[2026-06-15 10:29:57]    Translated 56/76 titles
[2026-06-15 10:29:57] Updating docs/ and pushing to GitHub...
[2026-06-15 10:29:57]   app.js updated: 16 Economist, 16 New Yorker issues
[2026-06-15 10:30:00]   Pushed to GitHub.
[2026-06-15 10:30:00] === Done ===

[2026-06-15 16:25:30] === Econy weekly update started ===
[2026-06-15 16:25:32] economist: 16 existing issues
[2026-06-15 16:25:50] economist: no new issues found
[2026-06-15 16:25:50] No new issues. Nothing to push.
[2026-06-15 16:25:51] === Done ===

[2026-06-20 07:00:55] === Econy weekly update started ===
[2026-06-20 07:00:55] economist: 15 existing issues
[2026-06-20 07:00:57] economist: new issue found — 2026-06-20
[2026-06-20 07:00:57] Processing The Economist 2026-06-20
[2026-06-20 07:00:57]   Downloading TheEconomist.2026.06.20.pdf...
[2026-06-20 07:00:58]   Downloaded: 8509KB
[2026-06-20 08:44:35]   Translating titles...
[2026-06-20 08:44:35]    Translated 0/0 titles
[2026-06-20 08:44:35] Updating docs/ and pushing to GitHub...
[2026-06-20 08:44:35]   app.js updated: 16 Economist, 16 New Yorker issues
[2026-06-20 08:44:37]   Pushed to GitHub.
[2026-06-20 08:44:39] === Done ===

[2026-06-22 07:54:25]   app.js updated: 16 Economist, 16 New Yorker issues
[2026-06-27 07:26:41] === Econy weekly update started ===
[2026-06-27 07:26:41] economist: 16 existing issues
[2026-06-27 07:26:41] economist: new issue found — 2026-06-27
[2026-06-27 07:26:41] Processing The Economist 2026-06-27
[2026-06-27 07:26:41]   Downloading TheEconomist.2026.06.27.epub...
[2026-06-27 07:26:42]   Downloaded: 6656KB
[2026-06-27 08:06:44]   ERROR processing economist 2026-06-27: ebook-convert failed: Load of clbr://internal.invalid/book/EPUB/f3a1baa5-d0f6-4772-b00c-3f5f5c665d00.html failed

[2026-06-27 08:06:44] No new issues. Nothing to push.
[2026-06-27 08:06:44] === Done ===

[2026-06-29 17:31:49] === Econy weekly update started ===
[2026-06-29 17:31:49] economist: 16 existing issues
[2026-06-29 17:31:49] economist: new issue found — 2026-06-27
[2026-06-29 17:31:49] Processing The Economist 2026-06-27
[2026-06-29 17:40:00]   Translating titles...
[2026-06-29 17:40:00]    title translation attempt 1: 75 remaining
[2026-06-29 17:42:01]    Translated 75/75 titles
[2026-06-29 17:42:01] Updating docs/ and pushing to GitHub...
[2026-06-29 17:42:01]   app.js updated: 17 Economist, 16 New Yorker issues
[2026-06-29 17:42:03]   Pushed to GitHub.
[2026-06-29 17:42:04] === Done ===

[2026-07-04 07:20:48] === Econy weekly update started ===
[2026-07-04 07:20:48] economist: 17 existing issues
[2026-07-04 07:20:48] economist: new issue found — 2026-07-04
[2026-07-04 07:20:48] Processing The Economist 2026-07-04
[2026-07-04 07:20:49]   Downloading TheEconomist.2026.07.04.pdf...
[2026-07-04 07:20:49]   Downloaded: 9023KB
[2026-07-04 09:35:57]   Translating titles...
[2026-07-04 09:35:57]    Translated 0/0 titles
[2026-07-04 09:35:57] Updating docs/ and pushing to GitHub...
[2026-07-04 09:35:57]   app.js updated: 18 Economist, 16 New Yorker issues
[2026-07-04 09:35:58]   Push failed: 致命错误：无法访问 'https://github.com/lakershark/econy.git/'：Could not resolve host: github.com
[2026-07-04 09:35:59] === Done ===

[2026-07-05 10:27:12]    title translation attempt 1: 74 remaining
[2026-07-05 10:28:58]    Translated 74/74 titles
[2026-07-05 10:29:14]   app.js updated: 18 Economist, 16 New Yorker issues
[2026-07-11 07:43:22] === Econy weekly update started ===
[2026-07-11 07:43:22] economist: 18 existing issues
[2026-07-11 07:43:22] economist: new issue found — 2026-07-11
[2026-07-11 07:43:22] Processing The Economist 2026-07-11
[2026-07-11 07:43:23]   Downloading TheEconomist.2026.07.11.epub...
[2026-07-11 07:43:23]   Downloaded: 6992KB
[2026-07-11 10:02:56]   ERROR processing economist 2026-07-11: No summaries could be merged
[2026-07-11 10:02:56] No new issues. Nothing to push.
[2026-07-11 10:02:56] === Done ===

[2026-07-11 11:11:42] === Econy weekly update started ===
[2026-07-11 11:11:42] economist: 18 existing issues
[2026-07-11 11:11:43] economist: new issue found — 2026-07-11
[2026-07-11 11:11:43] Processing The Economist 2026-07-11
[2026-07-11 11:15:16]   ERROR processing economist 2026-07-11: TOC extraction failed after 3 attempts
[2026-07-11 11:15:16] No new issues. Nothing to push.
[2026-07-11 11:15:16] === Done ===

[2026-07-11 15:56:34] === Econy weekly update started ===
[2026-07-11 15:56:34] economist: 18 existing issues
[2026-07-11 15:56:34] economist: new issue found — 2026-07-11
[2026-07-11 15:56:34] Processing The Economist 2026-07-11
[2026-07-11 16:06:23]   ERROR processing economist 2026-07-11: No summaries could be merged
[2026-07-11 16:06:23] No new issues. Nothing to push.
[2026-07-11 16:06:23] === Done ===

[2026-07-11 16:07:25] === Econy weekly update started ===
[2026-07-11 16:07:25] economist: 18 existing issues
[2026-07-11 16:07:25] economist: new issue found — 2026-07-11
[2026-07-11 16:07:25] Processing The Economist 2026-07-11
[2026-07-11 16:16:51]   Translating titles...
[2026-07-11 16:16:51]    title translation attempt 1: 76 remaining
[2026-07-11 16:19:08]    title translation attempt 2: 76 remaining
[2026-07-11 16:21:19]    title translation attempt 3: 76 remaining
[2026-07-11 16:23:33]    Translated 0/76 titles
[2026-07-11 16:23:33] Updating docs/ and pushing to GitHub...
[2026-07-11 16:23:33]   app.js updated: 19 Economist, 16 New Yorker issues
[2026-07-11 16:23:34]   Pushed to GitHub.
[2026-07-11 16:23:35] === Done ===

[2026-07-11 16:25:10]    title translation attempt 1: 76 remaining
[2026-07-11 16:27:15]    Translated 76/76 titles
[2026-07-11 16:27:17]   Pushed to GitHub.
[2026-07-11 16:34:27]   app.js updated: 19 Economist, 16 New Yorker issues
[2026-07-18 08:08:14] === Econy weekly update started ===
[2026-07-18 08:08:14] economist: 19 existing issues
[2026-07-18 08:08:14] economist: new issue found — 2026-07-18
[2026-07-18 08:08:14] Processing The Economist 2026-07-18
[2026-07-18 08:08:14]   Downloading TheEconomist.2026.07.18.pdf...
[2026-07-18 08:08:15]   Downloaded: 8301KB
[2026-07-18 09:30:07]   ERROR processing economist 2026-07-18: No summaries could be merged
[2026-07-18 09:30:07] No new issues. Nothing to push.
[2026-07-18 09:30:08] === Done ===

[2026-07-19 11:01:28] === Econy weekly update started ===
[2026-07-19 11:01:28] economist: 19 existing issues
[2026-07-19 11:01:29] economist: new issue found — 2026-07-18
[2026-07-19 11:01:29] Processing The Economist 2026-07-18
[2026-07-19 11:09:00]   Translating titles...
[2026-07-19 11:09:00]    title translation attempt 1: 71 remaining
[2026-07-19 11:10:32]    Translated 71/71 titles
[2026-07-19 11:10:32] Updating docs/ and pushing to GitHub...
[2026-07-19 11:10:32]   app.js updated: 20 Economist, 16 New Yorker issues
[2026-07-19 11:10:35]   Pushed to GitHub.
[2026-07-19 11:10:38]   cleaned up old notebook: The Economist 2026-06-20
[2026-07-19 11:10:38]   notebook cleanup: deleted 1, kept up to 5 per magazine
[2026-07-19 11:10:38] === Done ===

[2026-07-25 08:07:19] === Econy weekly update started ===
[2026-07-25 08:07:19] economist: 20 existing issues
[2026-07-25 08:07:19] FATAL:
Traceback (most recent call last):
  File "/Library/Frameworks/Python.framework/Versions/3.10/lib/python3.10/urllib/request.py", line 1348, in do_open
    h.request(req.get_method(), req.selector, req.data, headers,
  File "/Library/Frameworks/Python.framework/Versions/3.10/lib/python3.10/http/client.py", line 1283, in request
    self._send_request(method, url, body, headers, encode_chunked)
  File "/Library/Frameworks/Python.framework/Versions/3.10/lib/python3.10/http/client.py", line 1329, in _send_request
    self.endheaders(body, encode_chunked=encode_chunked)
  File "/Library/Frameworks/Python.framework/Versions/3.10/lib/python3.10/http/client.py", line 1278, in endheaders
    self._send_output(message_body, encode_chunked=encode_chunked)
  File "/Library/Frameworks/Python.framework/Versions/3.10/lib/python3.10/http/client.py", line 1038, in _send_output
    self.send(msg)
  File "/Library/Frameworks/Python.framework/Versions/3.10/lib/python3.10/http/client.py", line 976, in send
    self.connect()
  File "/Library/Frameworks/Python.framework/Versions/3.10/lib/python3.10/http/client.py", line 1448, in connect
    super().connect()
  File "/Library/Frameworks/Python.framework/Versions/3.10/lib/python3.10/http/client.py", line 942, in connect
    self.sock = self._create_connection(
  File "/Library/Frameworks/Python.framework/Versions/3.10/lib/python3.10/socket.py", line 824, in create_connection
    for res in getaddrinfo(host, port, 0, SOCK_STREAM):
  File "/Library/Frameworks/Python.framework/Versions/3.10/lib/python3.10/socket.py", line 955, in getaddrinfo
    for res in _socket.getaddrinfo(host, port, family, type, proto, flags):
socket.gaierror: [Errno 8] nodename nor servname provided, or not known

During handling of the above exception, another exception occurred:

Traceback (most recent call last):
  File "/Users/Nimmersatt/Documents/claude_projects/econy/scripts/update.py", line 431, in <module>
    main()
  File "/Users/Nimmersatt/Documents/claude_projects/econy/scripts/update.py", line 376, in main
    available = get_available_issues(mag_key)
  File "/Users/Nimmersatt/Documents/claude_projects/econy/scripts/update.py", line 133, in get_available_issues
    folders = api_get(cfg['api'])
  File "/Users/Nimmersatt/Documents/claude_projects/econy/scripts/update.py", line 68, in api_get
    with urllib.request.urlopen(req, timeout=30) as r:
  File "/Library/Frameworks/Python.framework/Versions/3.10/lib/python3.10/urllib/request.py", line 216, in urlopen
    return opener.open(url, data, timeout)
  File "/Library/Frameworks/Python.framework/Versions/3.10/lib/python3.10/urllib/request.py", line 519, in open
    response = self._open(req, data)
  File "/Library/Frameworks/Python.framework/Versions/3.10/lib/python3.10/urllib/request.py", line 536, in _open
    result = self._call_chain(self.handle_open, protocol, protocol +
  File "/Library/Frameworks/Python.framework/Versions/3.10/lib/python3.10/urllib/request.py", line 496, in _call_chain
    result = func(*args)
  File "/Library/Frameworks/Python.framework/Versions/3.10/lib/python3.10/urllib/request.py", line 1391, in https_open
    return self.do_open(http.client.HTTPSConnection, req,
  File "/Library/Frameworks/Python.framework/Versions/3.10/lib/python3.10/urllib/request.py", line 1351, in do_open
    raise URLError(err)
urllib.error.URLError: <urlopen error [Errno 8] nodename nor servname provided, or not known>

[2026-07-26 10:22:44] === Econy weekly update started ===
[2026-07-26 10:22:44] economist: 20 existing issues
[2026-07-26 10:22:44] economist: new issue found — 2026-07-25
[2026-07-26 10:22:44] Processing The Economist 2026-07-25
[2026-07-26 10:22:44]   Downloading TheEconomist.2026.07.25.pdf...
[2026-07-26 10:22:45]   Downloaded: 9648KB
[2026-07-26 10:27:48]   Translating titles...
[2026-07-26 10:27:48]    title translation attempt 1: 76 remaining
[2026-07-26 10:29:08]    Translated 76/76 titles
[2026-07-26 10:29:09] Updating docs/ and pushing to GitHub...
[2026-07-26 10:29:09]   app.js updated: 21 Economist, 16 New Yorker issues
[2026-07-26 10:29:10]   Pushed to GitHub.
[2026-07-26 10:29:13]   cleaned up old notebook: The Economist 2026-06-27
[2026-07-26 10:29:13]   notebook cleanup: deleted 1, kept up to 5 per magazine
[2026-07-26 10:29:13] === Done ===

[2026-08-01 07:51:15] === Econy weekly update started ===
[2026-08-01 07:51:15] economist: 21 existing issues
[2026-08-01 07:51:15] economist: new issue found — 2026-08-01
[2026-08-01 07:51:15] Processing The Economist 2026-08-01
[2026-08-01 07:51:15]   Downloading TheEconomist.2026.08.01.pdf...
[2026-08-01 07:51:16]   Downloaded: 9445KB
[2026-08-01 07:51:18]   ERROR processing economist 2026-08-01: 'notebook'
[2026-08-01 07:51:18] No new issues. Nothing to push.
[2026-08-01 07:51:18] === Done ===

[2026-08-01 16:51:31] === Econy weekly update started ===
[2026-08-01 16:51:31] economist: 21 existing issues
[2026-08-01 16:51:32] economist: new issue found — 2026-08-01
[2026-08-01 16:51:32] Processing The Economist 2026-08-01
[2026-08-01 16:59:52]   Translating titles...
[2026-08-01 16:59:52]    title translation attempt 1: 73 remaining
[2026-08-01 17:02:01]    Translated 73/73 titles
[2026-08-01 17:02:01] Updating docs/ and pushing to GitHub...
[2026-08-01 17:02:02]   app.js updated: 22 Economist, 16 New Yorker issues
[2026-08-01 17:02:04]   Pushed to GitHub.
[2026-08-01 17:02:07]   cleaned up old notebook: The Economist 2026-06-27
[2026-08-01 17:02:07]   notebook cleanup: deleted 1, kept up to 5 per magazine
[2026-08-01 17:02:07] === Done ===

[2026-08-08 07:02:08] === Econy weekly update started ===
[2026-08-08 07:02:08] economist: 22 existing issues
[2026-08-08 07:02:08] economist: new issue found — 2026-08-08
[2026-08-08 07:02:08] Processing The Economist 2026-08-08
[2026-08-08 07:02:08]   Downloading TheEconomist.2026.08.08.pdf...
[2026-08-08 07:02:10]   Downloaded: 8645KB
[2026-08-08 07:56:42]   ERROR processing economist 2026-08-08: Command '['notebooklm', 'ask', '请列出这期杂志的完整目录，包括每篇文章的：1) 栏目名称，2) 文章标题，3) 副标题（如有）。按杂志顺序列出所有文章，输出为JSON格式：{"sections": [{"section": "栏目名", "articles": [{"title": "标题", "subtitle": "副标题"}]}]}', '--notebook', 'a60ccffa-6c3a-404c-b8aa-d549af4b2606', '--json']' timed out after 180 seconds
[2026-08-08 07:56:42] No new issues. Nothing to push.
[2026-08-08 07:56:43] === Done ===

[2026-08-11 07:40:04] === Econy weekly update started ===
[2026-08-11 07:40:04] economist: 22 existing issues
[2026-08-11 07:40:05] economist: new issue found — 2026-08-08
[2026-08-11 07:40:05] Processing The Economist 2026-08-08
[2026-08-11 07:47:13]   Translating titles...
[2026-08-11 07:47:13]    title translation attempt 1: 71 remaining
[2026-08-11 07:49:05]    Translated 71/71 titles
[2026-08-11 07:49:05] Updating docs/ and pushing to GitHub...
[2026-08-11 07:49:05]   app.js updated: 23 Economist, 16 New Yorker issues
[2026-08-11 07:49:07]   Pushed to GitHub.
[2026-08-11 07:49:11]   cleaned up old notebook: The Economist 2026-07-04
[2026-08-11 07:49:11]   notebook cleanup: deleted 1, kept up to 5 per magazine
[2026-08-11 07:49:11] === Done ===

[2026-08-15 07:06:10] === Econy weekly update started ===
[2026-08-15 07:06:10] economist: 23 existing issues
[2026-08-15 07:06:10] economist: new issue found — 2026-08-15
[2026-08-15 07:06:10] Processing The Economist 2026-08-15
[2026-08-15 07:06:10]   Downloading TheEconomist.2026.08.15.pdf...
[2026-08-15 07:06:11]   Downloaded: 8591KB
[2026-08-15 08:03:20]   ERROR processing economist 2026-08-15: Command '['notebooklm', 'ask', '请列出这期杂志的完整目录，包括每篇文章的：1) 栏目名称，2) 文章标题，3) 副标题（如有）。按杂志顺序列出所有文章，输出为JSON格式：{"sections": [{"section": "栏目名", "articles": [{"title": "标题", "subtitle": "副标题"}]}]}', '--notebook', '3fb54219-2349-4ba2-9c3f-e3539e4b72e8', '--json']' timed out after 180 seconds
[2026-08-15 08:03:20] No new issues. Nothing to push.
[2026-08-15 08:03:20] === Done ===

[2026-08-15 14:50:21] === Econy weekly update started ===
[2026-08-15 14:50:21] economist: 23 existing issues
[2026-08-15 14:50:21] economist: new issue found — 2026-08-15
[2026-08-15 14:50:21] Processing The Economist 2026-08-15
[2026-08-15 14:59:24]   Translating titles...
[2026-08-15 14:59:24]    title translation attempt 1: 76 remaining
[2026-08-15 15:01:17]    Translated 76/76 titles
[2026-08-15 15:01:17] Updating docs/ and pushing to GitHub...
[2026-08-15 15:01:17]   app.js updated: 24 Economist, 16 New Yorker issues
[2026-08-15 15:01:19]   Pushed to GitHub.
[2026-08-15 15:01:23]   cleaned up old notebook: The Economist 2026-07-18
[2026-08-15 15:01:25]   cleaned up old notebook: The Economist 2026-07-11
[2026-08-15 15:01:25]   notebook cleanup: deleted 2, kept up to 5 per magazine
[2026-08-15 15:01:25] === Done ===

[2026-08-15 14:50:21] === Econy weekly update started ===
[2026-08-15 14:50:21] economist: 23 existing issues
[2026-08-15 14:50:21] economist: new issue found — 2026-08-15
[2026-08-15 14:50:21] Processing The Economist 2026-08-15

============================================================
Processing: The Economist 2026-08-15
============================================================
1. Creating notebook...
   Notebook ID: 8fe8dc0d-f8f7-455c-a601-712540f69c5c
2. Uploading PDF...
   Source ID: fcfa57d7-1677-423b-9616-d2c0c9bb3577
3. Waiting for PDF processing...
   Ready.
4. Extracting table of contents...
   Found 19 sections, 76 articles
5. Generating briefing document...
   Task ID: 0b616c5a-0152-4c43-95e6-c1bfd67f6ec2 — waiting...
   Briefing saved: /Users/Nimmersatt/Documents/claude_projects/econy/data/economist/2026-08-15_briefing.md
6. Fetching summaries (batch 1/2)...
   Got 38 summaries
   Fetching summaries (batch 2/2)...
   Got 38 summaries
   Total: 76 summaries
   Merged 76/76
Done: /Users/Nimmersatt/Documents/claude_projects/econy/data/economist/2026-08-15.json
[2026-08-15 14:59:24]   Translating titles...
[2026-08-15 14:59:24]    title translation attempt 1: 76 remaining
[2026-08-15 15:01:17]    Translated 76/76 titles
[2026-08-15 15:01:17] Updating docs/ and pushing to GitHub...
[2026-08-15 15:01:17]   app.js updated: 24 Economist, 16 New Yorker issues
[2026-08-15 15:01:19]   Pushed to GitHub.
[2026-08-15 15:01:23]   cleaned up old notebook: The Economist 2026-07-18
[2026-08-15 15:01:25]   cleaned up old notebook: The Economist 2026-07-11
[2026-08-15 15:01:25]   notebook cleanup: deleted 2, kept up to 5 per magazine
[2026-08-15 15:01:25] === Done ===

[2026-09-15 13:28:55] === 手动补跑开始（09-05, 09-12）===
[2026-09-15 13:28:55] Processing The Economist 2026-09-05
[2026-09-15 13:28:55]   Downloading TheEconomist.2026.09.05.pdf...
[2026-09-15 13:28:56]   Downloaded: 9966KB
[2026-09-15 13:37:11]   ❌ 2026-09-05 异常: Command '['notebooklm', 'ask', '请为以下《经济学人》文章写详细中文摘要。Leaders和Briefing栏目每篇600-800字，其他栏目250-400字。涵盖核心论点、关键数据、背景分析和结论。输出JSON：{"summaries": {"英文标题": "中文摘要"}}\n\n[The world this week] Politics\n[The world this week] Business\n[The world this week] Cartoon: Putin cornered\n[Leaders] Nvidia is driving the AI boom. Good\n[Leaders] Donald Trump’s Venezuela deal is bold but dodgy\n[Leaders] Yoweri Museveni’s decline is putting Uganda on a terrifying path\n[Leaders] In many countries, the biggest barrier to prosperity is in the home\n[Leaders] What the Bayeux tapestry teaches about surviving against the odds\n[Leaders] The moral panic over data centres is foolish\n[Letters] The opposition of scientific research on animals\n[By Invitation] Europe cannot protect Russia from itself\n[By Invitation] The world may have less time than it thinks on climate change\n[Briefing] Nvidia is the central bank of AI\n[Asia] Chandrababu Naidu’s techno-utopian vision for his Indian state\n[Asia] The Pacific Islands Forum fizzles as China flexes its muscles\n[Asia] Catastrophic floods warn Nepal of more disasters to come\n[Asia] Japan’s mainstream political opposition is a shambles\n[Asia] India’s payments system is ten. It must start paying for itself\n[Asia] Social-media curbs for kids are not working in Asia\n[China] Why can’t a tech-savvy China make its food safe?\n[China] The lengthening reach of China’s armed forces\n[China] The serious, rivalrous business of Chinese barbecue\n[China] In film and in life, China pursues dragon-restaurant diplomacy\n[United States] How data centres became one of America’s hottest political issues\n[United States] Quantifying anger in American politics\n[United States] Pete Hegseth is conquering the Pentagon\n[United States] Where Canada can hurt America most\n[United States] America’s support system for disabled pupils is broken\n[United States] Woke 1 was about identity. Woke 2 is about class\n[The Americas] America has laid claim to a fifth of Venezuela’s oil\n[The Americas] The presidential candidate Brazil’s authorities tried to ban\n[The Americas] A prawn superpower rises\n[Middle East & Africa] What will happen to Uganda when Yoweri Museveni goes?\n[Middle East & Africa] Ethiopia’s undeclared drone war\n[Middle East & Africa] Iran’s proxies are going their own way\n[Middle East & Africa] Binyamin Netanyahu sows discord ahead of Israel’s election\n[Europe] How the Alternative for Germany would govern\n[Europe] Cornered, Vladimir Putin plans to escalate his war\n[Europe] Haakon VIII, Norway’s new king, has a big crown to fill', '--notebook', '354bfd0b-5b42-41ba-ace6-000db13b0799', '--json']' timed out after 300 seconds
[2026-09-15 13:37:11] Traceback (most recent call last):
  File "/tmp/econy_backfill.py", line 15, in <module>
    if U.process_new_issue(mag, folder, date):
  File "/Users/Nimmersatt/Documents/claude_projects/econy/scripts/update.py", line 234, in process_new_issue
    issue = process_issue(str(file_path), mag_key, date)
  File "/Users/Nimmersatt/Documents/claude_projects/econy/scripts/pipeline.py", line 204, in process_issue
    s1 = fetch_summaries(build_summary_prompt(articles_all[:mid], magazine), nb_id)
  File "/Users/Nimmersatt/Documents/claude_projects/econy/scripts/pipeline.py", line 192, in fetch_summaries
    out = notebooklm_ask(prompt, nb_id, timeout=300)
  File "/Users/Nimmersatt/Documents/claude_projects/econy/scripts/pipeline.py", line 32, in notebooklm_ask
    r = subprocess.run(['notebooklm', 'ask', prompt, '--notebook', nb_id, '--json'],
  File "/Applications/Xcode.app/Contents/Developer/Library/Frameworks/Python3.framework/Versions/3.9/lib/python3.9/subprocess.py", line 507, in run
    stdout, stderr = process.communicate(input, timeout=timeout)
  File "/Applications/Xcode.app/Contents/Developer/Library/Frameworks/Python3.framework/Versions/3.9/lib/python3.9/subprocess.py", line 1134, in communicate
    stdout, stderr = self._communicate(input, endtime, timeout)
  File "/Applications/Xcode.app/Contents/Developer/Library/Frameworks/Python3.framework/Versions/3.9/lib/python3.9/subprocess.py", line 1980, in _communicate
    self._check_timeout(endtime, orig_timeout, stdout, stderr
[2026-09-15 13:37:11] Processing The Economist 2026-09-12
[2026-09-15 13:37:11]   Downloading TheEconomist.2026.09.12.epub...
[2026-09-15 13:37:12]   Downloaded: 6755KB
[2026-09-15 13:47:27]   ❌ 2026-09-12 异常: Command '['notebooklm', 'ask', '请为以下《经济学人》文章写详细中文摘要。Leaders和Briefing栏目每篇600-800字，其他栏目250-400字。涵盖核心论点、关键数据、背景分析和结论。输出JSON：{"summaries": {"英文标题": "中文摘要"}}\n\n[The world this week] Politics\n[The world this week] Business\n[The world this week] Cartoon: How 9/11 empowers Donald Trump’s presidency\n[Leaders] The truth and the lies about Islam in Europe\n[Leaders] In praise of the Democrats’ disarray\n[Leaders] What should Germany do about its rising right?\n[Leaders] Kevin Warsh should raise interest rates\n[Leaders] Plunging test scores are a slow-moving catastrophe\n[Leaders] Argentina needs less shouting and more growth\n[Letters] Could AIs become conscious?\n[By Invitation] This article wasn’t written by an AI. So what if it had been!\n[By Invitation] Israel’s neglected threat from within\n[Briefing] The good news: few Muslims want to subvert European democracy\n[Asia] Takaichi Sanae\'s big-spending plans are unnerving markets\n[Asia] Malaysia is enjoying a massive data-centre boom\n[Asia] Why India baffles China\n[Asia] “Black gold” is pouring out of Myanmar\n[Asia] India at last acquires a taste for cheese\n[China] Can China finally relax?\n[China] Only children in China prefer to marry other only children\n[China] Tung Chee-hwa, Hong Kong’s first chief executive, has died\n[China] Speech in China is in the deep freeze\n[United States] How far left will Democrats go?\n[United States] Donald Trump’s disintegrating coalition\n[United States] How 9/11 empowers Donald Trump’s imperial presidency\n[United States] How American universities get around the DEI backlash\n[United States] A reservoir of last resort is running dry in Wyoming\n[United States] How Donald Trump boxed his party in\n[The Americas] Javier Milei’s liberal experiment is struggling\n[The Americas] When the defenders of democracy turn their backs on it instead\n[Middle East & Africa] Is traffic through Hormuz really back to normal?\n[Middle East & Africa] As the Iran war menaces shipping, land routes are making a comeback\n[Middle East & Africa] Too many Nigerian women are still dying in childbirth\n[Middle East & Africa] William Ruto turns against foreign traders\n[Europe] The AfD is making the weather in German politics\n[Europe] Pedro Sánchez has let Ceuta turn into a crisis', '--notebook', '9931f8bb-8fb3-4d64-9c34-69e7d097a149', '--json']' timed out after 300 seconds
[2026-09-15 13:47:27] Traceback (most recent call last):
  File "/tmp/econy_backfill.py", line 15, in <module>
    if U.process_new_issue(mag, folder, date):
  File "/Users/Nimmersatt/Documents/claude_projects/econy/scripts/update.py", line 234, in process_new_issue
    issue = process_issue(str(file_path), mag_key, date)
  File "/Users/Nimmersatt/Documents/claude_projects/econy/scripts/pipeline.py", line 204, in process_issue
    s1 = fetch_summaries(build_summary_prompt(articles_all[:mid], magazine), nb_id)
  File "/Users/Nimmersatt/Documents/claude_projects/econy/scripts/pipeline.py", line 192, in fetch_summaries
    out = notebooklm_ask(prompt, nb_id, timeout=300)
  File "/Users/Nimmersatt/Documents/claude_projects/econy/scripts/pipeline.py", line 32, in notebooklm_ask
    r = subprocess.run(['notebooklm', 'ask', prompt, '--notebook', nb_id, '--json'],
  File "/Applications/Xcode.app/Contents/Developer/Library/Frameworks/Python3.framework/Versions/3.9/lib/python3.9/subprocess.py", line 507, in run
    stdout, stderr = process.communicate(input, timeout=timeout)
  File "/Applications/Xcode.app/Contents/Developer/Library/Frameworks/Python3.framework/Versions/3.9/lib/python3.9/subprocess.py", line 1134, in communicate
    stdout, stderr = self._communicate(input, endtime, timeout)
  File "/Applications/Xcode.app/Contents/Developer/Library/Frameworks/Python3.framework/Versions/3.9/lib/python3.9/subprocess.py", line 1980, in _communicate
    self._check_timeout(endtime, orig_timeout, stdout, stderr
[2026-09-15 13:47:27] 没有成功的期号，不推送
[2026-09-15 13:47:27] 清空 econy notebook（keep=0）...
[2026-09-15 13:47:32]   cleaned up old notebook: The Economist 2026-09-12
[2026-09-15 13:47:33]   cleaned up old notebook: The Economist 2026-09-05
[2026-09-15 13:47:33]   notebook cleanup: deleted 2, kept up to 0 per magazine
[2026-09-15 13:47:33] === 完成：成功 []，失败 ['2026-09-05', '2026-09-12'] ===
[2026-09-15 13:48:38] === 手动补跑开始（09-05, 09-12）===
[2026-09-15 13:48:38] Processing The Economist 2026-09-05
[2026-09-15 16:44:51]   Translating titles...
[2026-09-15 16:44:51]    title translation attempt 1: 79 remaining
[2026-09-15 17:29:30]    notebooklm ask timed out after 120s — treating as empty, will retry
[2026-09-15 17:29:33]    title translation attempt 2: 19 remaining
[2026-09-15 17:34:50]    notebooklm ask timed out after 120s — treating as empty, will retry
[2026-09-15 17:34:53]    title translation attempt 3: 19 remaining
[2026-09-15 18:06:48]    notebooklm ask timed out after 120s — treating as empty, will retry
[2026-09-15 18:06:51]    Translated 60/79 titles
[2026-09-15 18:06:51]   ✅ 2026-09-05 完成
[2026-09-15 18:06:51] Processing The Economist 2026-09-12
[2026-09-15 22:51:23]   ❌ 2026-09-12 异常: No summaries could be merged
[2026-09-15 22:51:23] Traceback (most recent call last):
  File "/tmp/econy_backfill.py", line 15, in <module>
    if U.process_new_issue(mag, folder, date):
  File "/Users/Nimmersatt/Documents/claude_projects/econy/scripts/update.py", line 240, in process_new_issue
    issue = process_issue(str(file_path), mag_key, date)
  File "/Users/Nimmersatt/Documents/claude_projects/econy/scripts/pipeline.py", line 250, in process_issue
    raise RuntimeError('No summaries could be merged')
RuntimeError: No summaries could be merged

[2026-09-15 22:51:23] 更新 docs/ 并推送...
[2026-09-15 22:51:23]   app.js updated: 25 Economist, 16 New Yorker issues
